// Jest Snapshot v1, https://goo.gl/fbAQLP

exports[`Prueba de App.jsx should be show App 1`] = `
<Fragment>
  <h1>
    hola soy rafael
  </h1>
  <p>
    Soy un subtitulo
  </p>
</Fragment>
`;
